=== RUN   TestAdaptiveSettledRouteStall589
=== RUN   TestAdaptiveSettledRouteStall589/iouring
=== RUN   TestAdaptiveSettledRouteStall589/iouring/negctrl_learning
2026/09/13 15:30:16 INFO SEND_ZC probe result functional=true loopback="copy-fallback (expected)" reason="REPORT_USAGE notification reports IORING_NOTIF_USAGE_ZC_COPIED (kernel did the copy)"
2026/09/13 15:30:16 INFO io_uring engine selected tier=high multishot_accept=true multishot_recv=true provided_buffers=true fixed_files=false send_zc=true
2026/09/13 15:30:16 INFO celeris starting with listener addr=127.0.0.1:35091 engine=io_uring protocol=auto
2026/09/13 15:30:16 INFO iouring: closing supplied listener to rebind via SO_REUSEPORT addr=127.0.0.1:35091
2026/09/13 15:30:16 INFO io_uring engine listening addr=127.0.0.1:35091 tier=high workers=2 sqpoll=false send_zc=true fixed_files=false numa_nodes=1 kernel=7.0.12-linuxkit
2026/09/13 15:30:16 INFO AsyncHandlers + EnableH2Upgrade: async dispatch applies to HTTP/1.1 only; H2 conns still run inline on the worker
    adaptive_settled_retime_linux_test.go:308: STACK589 first stalled sample, event-loop goroutine:
        goroutine 35 [sync.Mutex.Lock, locked to thread]:
        internal/sync.runtime_SemacquireMutex(0xc000177868?, 0x48?, 0xc000177898?)
        	/usr/local/go/src/runtime/sema.go:95 +0x28
        internal/sync.(*Mutex).lockSlow(0xc00022a4f8)
        	/usr/local/go/src/internal/sync/mutex.go:149 +0x1e0
        internal/sync.(*Mutex).Lock(0xc00022a4f8)
        	/usr/local/go/src/internal/sync/mutex.go:70 +0x4c
        sync.(*Mutex).Lock(0x1aa?)
        	/usr/local/go/src/sync/mutex.go:46 +0x20
        github.com/goceleris/celeris/engine/iouring.(*Worker).checkTimeouts(0xc0000d2008)
        	/src/engine/iouring/worker.go:4186 +0x408
        github.com/goceleris/celeris/engine/iouring.(*Worker).run(0xc0000d2008, {0xc2d430, 0xc0000d6000})
        	/src/engine/iouring/worker.go:941 +0x2118
        github.com/goceleris/celeris/engine/iouring.(*Engine).Listen.func1()
        	/src/engine/iouring/engine.go:223 +0x84
        created by github.com/goceleris/celeris/engine/iouring.(*Engine).Listen in goroutine 30
        	/src/engine/iouring/engine.go:221 +0x9c0
    adaptive_settled_retime_linux_test.go:327: RESULT589 engine=iouring mode=negctrl_learning run=1 verdict=CONTROL_OK settled_before=false promoted_before=false adaptive=true settled_after=false promoted_after=true async_promoted_conns=8 workers=2 kv_conns=8 gomaxprocs=4 warm_reqs=100 slow_calls=282 kv_reqs=282 pre_sample_ms=605 window_ms=10099 samples=100 stalled=33 stalled_frac=0.330 stalled_time_ms=8927 ping_min_ms=0.155 ping_med_ms=0.533 ping_max_ms=277.027 claim_assert=fail(/kv is not in router.settled after the slow window)
    adaptive_settled_retime_linux_test.go:327: STACKTALLY589 engine=iouring mode=negctrl_learning stalled=33 captures=33 loop_goroutines=66 checkTimeouts_detachMu_Lock=52 kernel_wait=14
    adaptive_settled_retime_linux_test.go:327: ANOMALY589 engine=iouring mode=negctrl_learning stalled=33/100 stalled_frac=0.330 ping_med_ms=0.533 ping_max_ms=277.0: worker pinned while every /kv conn is async-dispatched (async_promoted_conns=8)
--- PASS: TestAdaptiveSettledRouteStall589 (11.03s)
    --- PASS: TestAdaptiveSettledRouteStall589/iouring (11.03s)
        --- PASS: TestAdaptiveSettledRouteStall589/iouring/negctrl_learning (11.03s)
PASS
ok  	github.com/goceleris/celeris	12.044s
