=== RUN   TestAdaptiveSettledRouteStall589
=== RUN   TestAdaptiveSettledRouteStall589/iouring
=== RUN   TestAdaptiveSettledRouteStall589/iouring/negctrl_async
2026/09/13 16:05:08 INFO SEND_ZC probe result functional=true loopback="copy-fallback (expected)" reason="REPORT_USAGE notification reports IORING_NOTIF_USAGE_ZC_COPIED (kernel did the copy)"
2026/09/13 16:05:08 INFO io_uring engine selected tier=high multishot_accept=true multishot_recv=true provided_buffers=true fixed_files=false send_zc=true
2026/09/13 16:05:08 INFO celeris starting with listener addr=127.0.0.1:38179 engine=io_uring protocol=auto
2026/09/13 16:05:08 INFO iouring: closing supplied listener to rebind via SO_REUSEPORT addr=127.0.0.1:38179
2026/09/13 16:05:08 INFO io_uring engine listening addr=127.0.0.1:38179 tier=high workers=2 sqpoll=false send_zc=true fixed_files=false numa_nodes=1 kernel=7.0.12-linuxkit
2026/09/13 16:05:08 INFO AsyncHandlers + EnableH2Upgrade: async dispatch applies to HTTP/1.1 only; H2 conns still run inline on the worker
    adaptive_settled_retime_linux_test.go:285: STACK589 first stalled sample, event-loop goroutine:
        goroutine 6 [syscall, locked to thread]:
        syscall.Syscall6(0x1aa, 0x9, 0x0, 0x1, 0x9, 0xc000189970, 0x18)
        	/usr/local/go/src/syscall/syscall_linux.go:96 +0x34
        github.com/goceleris/celeris/engine/iouring.(*Ring).SubmitAndWaitTimeout(0xc000230000, 0x4c4b40)
        	/src/engine/iouring/ring.go:358 +0xcc
        github.com/goceleris/celeris/engine/iouring.(*Worker).run(0xc0001b6008, {0xc2d430, 0xc0001ba000})
        	/src/engine/iouring/worker.go:727 +0x11d0
        github.com/goceleris/celeris/engine/iouring.(*Engine).Listen.func1()
        	/src/engine/iouring/engine.go:223 +0x84
        created by github.com/goceleris/celeris/engine/iouring.(*Engine).Listen in goroutine 42
        	/src/engine/iouring/engine.go:221 +0x9c0
    adaptive_settled_retime_linux_test.go:285: LAT589 engine=iouring mode=negctrl_async fresh=false n=101 ms=[0.3 0.4 0.5 269.7 0.7 0.9 271.5 0.4 0.6 273.6 0.4 0.4 271.4 0.4 0.8 265.9 0.4 0.5 274.6 0.5 1.0 274.9 0.5 0.8 267.1 0.4 0.5 271.3 0.5 0.4 274.6 0.4 0.5 269.9 0.4 0.6 262.8 0.5 0.6 266.8 0.4 0.8 274.3 0.4 0.8 265.2 0.4 0.6 272.1 0.4 1.3 274.4 0.5 0.4 265.1 0.4 0.4 266.3 0.3 0.5 267.3 0.4 0.4 270.5 0.4 0.7 272.9 0.7 0.5 269.6 0.4 0.5 274.2 0.4 0.6 270.1 0.4 0.5 265.7 0.4 0.4 269.1 0.4 0.6 274.3 0.6 0.5 0.7 257.2 0.4 0.6 275.2 0.3 0.4 278.2 0.3 0.4 267.9 0.4 0.7 272.9]
    adaptive_settled_retime_linux_test.go:302: RESULT589 engine=iouring mode=negctrl_async run=1 verdict=CONTROL_OK settled_before=false promoted_before=false adaptive=false settled_after=false promoted_after=false async_promoted_conns=9 workers=2 kv_conns=8 gomaxprocs=4 warm_reqs=100 slow_calls=280 kv_reqs=280 pre_sample_ms=304 window_ms=10113 samples=101 stalled=33 stalled_frac=0.327 stalled_time_ms=8917 ping_min_ms=0.307 ping_med_ms=0.588 ping_max_ms=278.169 claim_assert=fail(/kv is not in router.settled after the slow window)
    adaptive_settled_retime_linux_test.go:302: STACKTALLY589 engine=iouring mode=negctrl_async stalled=33 captures=33 loop_goroutines=66 checkTimeouts_detachMu_Lock=56 kernel_wait=10
    adaptive_settled_retime_linux_test.go:302: ANOMALY589 engine=iouring mode=negctrl_async stalled=33/101 stalled_frac=0.327 ping_med_ms=0.588 ping_max_ms=278.2: worker pinned while every /kv conn is async-dispatched (async_promoted_conns=9)
--- PASS: TestAdaptiveSettledRouteStall589 (10.75s)
    --- PASS: TestAdaptiveSettledRouteStall589/iouring (10.75s)
        --- PASS: TestAdaptiveSettledRouteStall589/iouring/negctrl_async (10.75s)
=== RUN   TestAdaptiveSettledRouteStall589
=== RUN   TestAdaptiveSettledRouteStall589/iouring
=== RUN   TestAdaptiveSettledRouteStall589/iouring/negctrl_async
2026/09/13 16:05:18 INFO SEND_ZC probe result functional=true loopback="copy-fallback (expected)" reason="REPORT_USAGE notification reports IORING_NOTIF_USAGE_ZC_COPIED (kernel did the copy)"
2026/09/13 16:05:18 INFO io_uring engine selected tier=high multishot_accept=true multishot_recv=true provided_buffers=true fixed_files=false send_zc=true
2026/09/13 16:05:18 INFO celeris starting with listener addr=127.0.0.1:42607 engine=io_uring protocol=auto
2026/09/13 16:05:18 INFO iouring: closing supplied listener to rebind via SO_REUSEPORT addr=127.0.0.1:42607
2026/09/13 16:05:18 INFO io_uring engine listening addr=127.0.0.1:42607 tier=high workers=2 sqpoll=false send_zc=true fixed_files=false numa_nodes=1 kernel=7.0.12-linuxkit
2026/09/13 16:05:18 INFO AsyncHandlers + EnableH2Upgrade: async dispatch applies to HTTP/1.1 only; H2 conns still run inline on the worker
    adaptive_settled_retime_linux_test.go:285: LAT589 engine=iouring mode=negctrl_async fresh=false n=101 ms=[0.8 0.5 0.6 268.1 0.5 0.5 276.1 0.4 0.8 0.4 254.7 0.7 0.6 265.6 0.4 0.5 271.3 0.3 0.8 268.6 0.4 0.4 271.0 0.4 0.4 273.2 0.5 0.8 272.7 0.5 0.5 268.3 0.4 0.4 275.5 0.4 0.4 275.4 0.5 0.7 270.9 0.5 0.7 270.7 0.4 0.7 269.4 0.4 0.4 264.8 0.4 0.5 266.9 0.6 0.5 276.1 0.6 0.5 273.6 0.5 0.7 274.9 0.3 0.5 273.6 0.4 0.6 268.2 0.4 0.6 272.3 0.5 0.9 272.8 0.3 0.6 268.0 0.4 0.5 268.1 0.6 1.0 266.4 0.3 0.4 263.5 0.3 0.6 271.8 0.4 0.5 269.0 0.4 0.5 274.4 0.5 0.5 276.1 0.4 0.4 275.3]
    adaptive_settled_retime_linux_test.go:302: RESULT589 engine=iouring mode=negctrl_async run=2 verdict=CONTROL_OK settled_before=false promoted_before=false adaptive=false settled_after=false promoted_after=false async_promoted_conns=9 workers=2 kv_conns=8 gomaxprocs=4 warm_reqs=100 slow_calls=280 kv_reqs=280 pre_sample_ms=305 window_ms=10122 samples=101 stalled=33 stalled_frac=0.327 stalled_time_ms=8927 ping_min_ms=0.331 ping_med_ms=0.596 ping_max_ms=276.137 claim_assert=fail(/kv is not in router.settled after the slow window)
    adaptive_settled_retime_linux_test.go:302: STACKTALLY589 engine=iouring mode=negctrl_async stalled=33 captures=33 loop_goroutines=66 checkTimeouts_detachMu_Lock=41 kernel_wait=25
    adaptive_settled_retime_linux_test.go:302: ANOMALY589 engine=iouring mode=negctrl_async stalled=33/101 stalled_frac=0.327 ping_med_ms=0.596 ping_max_ms=276.1: worker pinned while every /kv conn is async-dispatched (async_promoted_conns=9)
--- PASS: TestAdaptiveSettledRouteStall589 (10.78s)
    --- PASS: TestAdaptiveSettledRouteStall589/iouring (10.78s)
        --- PASS: TestAdaptiveSettledRouteStall589/iouring/negctrl_async (10.77s)
=== RUN   TestAdaptiveSettledRouteStall589
=== RUN   TestAdaptiveSettledRouteStall589/iouring
=== RUN   TestAdaptiveSettledRouteStall589/iouring/negctrl_async
2026/09/13 16:05:29 INFO SEND_ZC probe result functional=true loopback="copy-fallback (expected)" reason="REPORT_USAGE notification reports IORING_NOTIF_USAGE_ZC_COPIED (kernel did the copy)"
2026/09/13 16:05:29 INFO io_uring engine selected tier=high multishot_accept=true multishot_recv=true provided_buffers=true fixed_files=false send_zc=true
2026/09/13 16:05:29 INFO celeris starting with listener addr=127.0.0.1:36593 engine=io_uring protocol=auto
2026/09/13 16:05:29 INFO iouring: closing supplied listener to rebind via SO_REUSEPORT addr=127.0.0.1:36593
2026/09/13 16:05:29 INFO io_uring engine listening addr=127.0.0.1:36593 tier=high workers=2 sqpoll=false send_zc=true fixed_files=false numa_nodes=1 kernel=7.0.12-linuxkit
2026/09/13 16:05:29 INFO AsyncHandlers + EnableH2Upgrade: async dispatch applies to HTTP/1.1 only; H2 conns still run inline on the worker
    adaptive_settled_retime_linux_test.go:285: LAT589 engine=iouring mode=negctrl_async fresh=false n=102 ms=[0.4 0.4 0.5 269.4 0.4 0.4 268.3 0.3 0.5 0.4 265.1 0.5 0.5 274.3 0.3 0.4 270.7 0.5 0.9 266.2 0.5 0.5 269.6 0.4 0.4 266.4 0.6 0.4 272.8 0.4 0.5 274.7 0.3 0.4 266.8 0.3 0.5 271.7 0.4 0.8 267.5 0.3 0.5 272.2 0.4 0.4 265.1 0.6 0.6 266.6 0.4 0.4 268.7 0.4 0.6 272.5 0.4 0.6 270.4 0.3 0.4 276.4 0.5 0.6 274.6 0.4 0.4 271.3 0.6 0.9 266.9 0.4 0.4 272.5 0.4 1.2 271.2 0.3 0.6 274.7 0.5 0.5 0.5 265.5 0.5 0.5 273.8 0.6 0.7 276.9 0.4 0.6 267.3 0.7 0.6 265.3 0.3 0.5 267.4 0.4 0.4 271.9]
    adaptive_settled_retime_linux_test.go:302: RESULT589 engine=iouring mode=negctrl_async run=3 verdict=CONTROL_OK settled_before=false promoted_before=false adaptive=false settled_after=false promoted_after=false async_promoted_conns=9 workers=2 kv_conns=8 gomaxprocs=4 warm_reqs=100 slow_calls=280 kv_reqs=280 pre_sample_ms=302 window_ms=10100 samples=102 stalled=33 stalled_frac=0.324 stalled_time_ms=8915 ping_min_ms=0.324 ping_med_ms=0.547 ping_max_ms=276.876 claim_assert=fail(/kv is not in router.settled after the slow window)
    adaptive_settled_retime_linux_test.go:302: STACKTALLY589 engine=iouring mode=negctrl_async stalled=33 captures=33 loop_goroutines=66 checkTimeouts_detachMu_Lock=50 kernel_wait=16
    adaptive_settled_retime_linux_test.go:302: ANOMALY589 engine=iouring mode=negctrl_async stalled=33/102 stalled_frac=0.324 ping_med_ms=0.547 ping_max_ms=276.9: worker pinned while every /kv conn is async-dispatched (async_promoted_conns=9)
--- PASS: TestAdaptiveSettledRouteStall589 (10.74s)
    --- PASS: TestAdaptiveSettledRouteStall589/iouring (10.74s)
        --- PASS: TestAdaptiveSettledRouteStall589/iouring/negctrl_async (10.74s)
PASS
ok  	github.com/goceleris/celeris	33.288s
